2026-10-10T15:56:23-04:00 ==============================================================
2026-10-10T15:56:23-04:00 AMENDMENT 01 unattended supervisor starting
2026-10-10T15:56:23-04:00   commit      : 0cd9dc611b737e32774c631930ddf5a4199edc27
2026-10-10T15:56:23-04:00   pid         : 155411
2026-10-10T15:56:23-04:00   output root : /data/bijaypandey/cuig_pilot/seq_pilot/diag_v2_early_grid
2026-10-10T15:56:23-04:00   lock        : /data/bijaypandey/cuig_pilot/seq_pilot/.amendment01.lock
2026-10-10T15:56:23-04:00   usage record: /data/bijaypandey/cuig_pilot/seq_pilot/matched_effectiveness_gpu_budget.json
2026-10-10T15:56:23-04:00 [status] RUNNING (startup) supervisor started under lock
GPU availability probe  (6 samples @ 2s; idle = all samples valid, no compute proc, <1024MiB, <5% util)
host=hyperplane  time=2026-10-10T15:56:36-04:00
GPU 0  NVIDIA A100-SXM4-40GB     peak_util=   0  peak_mem=     14  procs=0  samples_ok=6/6  uuid=GPU-b2f89296-447e-dc7a-96b6-82ac699a02d7  -> IDLE
GPU 1  NVIDIA A100-SXM4-40GB     peak_util=   0  peak_mem=     14  procs=0  samples_ok=6/6  uuid=GPU-16080ca5-6073-f2c8-04d7-368d4a510a2a  -> IDLE
GPU 2  NVIDIA A100-SXM4-40GB     peak_util=   0  peak_mem=     14  procs=0  samples_ok=6/6  uuid=GPU-3594d682-af4b-13e1-3266-8a55455d669d  -> IDLE
GPU 3  NVIDIA A100-SXM4-40GB     peak_util=   0  peak_mem=     14  procs=0  samples_ok=6/6  uuid=GPU-17211a38-e5ad-e9bc-eeda-aa3caa659d27  -> IDLE

RESULT: idle GPUs = 0 1 2 3   (launch with CUDA_VISIBLE_DEVICES=0)
2026-10-10T15:56:36-04:00 [capacity] 4 verified-idle device(s)
2026-10-10T15:56:36-04:00 [status] RUNNING (early_grid) preflight, smoke, train, dev, bridge, select
2026-10-10T15:56:36-04:00 --- run_early_grid.sh all ---

##############################################################
# AMENDMENT 01 -- early dump grid 10,20,30,40,50,60,70,80,90
# output root : /data/bijaypandey/cuig_pilot/seq_pilot/diag_v2_early_grid
# original run: /data/bijaypandey/cuig_pilot/seq_pilot/diag_v1  (read-only)
# training     : 100 steps, dumps every 10
#                (declared changes: stopping limit and save cadence)
# bridge       : step 100, stop if |Delta suppression| > 5.0 pp
##############################################################

==============================================================
0. PREFLIGHT (CPU only, no GPU time charged)
==============================================================
commit            : 0cd9dc611b737e32774c631930ddf5a4199edc27
diagnostic root   : /data/bijaypandey/cuig_pilot/seq_pilot/diag_v2_early_grid
seeds             : 17 29
dump schedule     : every 10 to 100 (10,20,30,40,50,60,70,80,90,100)
offered for match : 10,20,30,40,50,60,70,80,90
                    (the scanned dumps not in this list are measured
                     but cannot be selected; see the amendment)
working tree      : clean

--- frozen prompt-set identities (recomputed from content) ---
VALID    manifest:dev
           content_digest = 1cd1f902669cefdc2d2f96ccae8641d02c831bf4f5ecfa09b5844da835063e6b
           records = 80
           distinct_prompt_ids = 20
           distinct_prompt_texts = 20
           counting = 20 prompt texts x 4 generation seeds = 80 prompt x generation-seed pairs
VALID    manifest:test
           content_digest = 5dd87dbb5a77c0f4c75de79a19b15b0b2e9cddc90d08172857700dac1bcc2a95
           records = 560
           distinct_prompt_ids = 140
           distinct_prompt_texts = 140
           counting = 140 prompt texts x 4 generation seeds = 560 prompt x generation-seed pairs

--- frozen bootstrap grouping ---
grouping identity 2ba0e8df5034d011… (stored 2ba0e8df5034d011…) OK
  unit=the scene cluster (set, category, prompt_index)  draws=10000  rng=2026100901

--- reused saved artifacts, bound by hash (read-only) ---
  seed17/MA: 3cb72ee162b9…  REGISTERED saved artifact (reused, never rewritten)
  seed17/MAB_L2: 8ee7d56f62b0…  REGISTERED saved artifact (reused, never rewritten)
  seed29/MA: fbf49199a306…  REGISTERED saved artifact (reused, never rewritten)
  seed29/MAB_L2: c4f3ecdcb945…  REGISTERED saved artifact (reused, never rewritten)

--- FIXED reference evaluations (read-only; never regenerated here) ---
reference dev root: /data/bijaypandey/cuig_pilot/seq_pilot/diag_v1/eval_dev
  seed17_MA: VALID fixed reference (generated by 3cb72ee162b9., the registered saved artifact)
  seed17_MAB_L2: VALID fixed reference (generated by 8ee7d56f62b0., the registered saved artifact)
  seed29_MA: VALID fixed reference (generated by fbf49199a306., the registered saved artifact)
  seed29_MAB_L2: VALID fixed reference (generated by c4f3ecdcb945., the registered saved artifact)
  bound 4 fixed reference evaluation(s) -> /data/bijaypandey/cuig_pilot/seq_pilot/diag_v2_early_grid/reference_bindings.json

--- per-stage estimates (INFORMATIONAL; they gate nothing) ---
source: /data/bijaypandey/cuig_pilot/seq_pilot/diag_v1/cost_model_measured.json
  train trajectory : 0.292361 GPU-h
  development slot : 0.039688 GPU-h
  frozen-test slot : 0.224571 GPU-h
These are recorded beside the actual occupancy so estimate-vs-actual
stays reportable. No stage is refused and no stage is time-limited
because of them.

--- GPU-hour USAGE RECORD (the EXPERIMENT's, not this output directory's) ---
ledger: /data/bijaypandey/cuig_pilot/seq_pilot/matched_effectiveness_gpu_budget.json
enforcement already retired (2026-10-10T17:48:43.843697+00:00): recording only, 1.2022 GPU-h recorded over 27 stage(s)
0 orphaned reservation(s) settled; 0 still live
enforcement     : RECORDING ONLY -- no GPU-hour ceiling. Compute is bounded by verified GPU availability.
                  retired 2026-10-10T17:48:43 by PI, 2026-10-10; prior ceiling 4.0 GPU-h and reserve 1.3474 GPU-h withdrawn
recorded        : 1.2022 GPU-h over 27 completed stage(s); 0 failed and still charged; 0 orphaned and conservatively charged
  of which carried forward: 27 stage(s), 1.2022 GPU-h
in flight       : 0.0000 GPU-h over 0 open reservation(s)
committed       : 1.2022 GPU-h
reserve withheld: none (the frozen-test reserve was withdrawn with the ceiling)
    0.2339  train:U_seed29
    0.2339  train:U_seed17
    0.0311  eval:eval_dev:seed17_MAB_L2
    0.0308  eval:eval_dev:seed17_U_step100
    0.0308  eval:eval_dev:seed17_U_step200
    0.0308  eval:eval_dev:seed17_U_step400
    0.0308  eval:eval_dev:seed29_U_step300
    0.0306  eval:eval_dev:seed17_MA
    0.0306  eval:eval_dev:seed17_U_step600
    0.0306  eval:eval_dev:seed29_U_step400
    0.0306  eval:eval_dev:seed29_U_step800
    0.0303  eval:eval_dev:seed17_U_step800
    0.0303  eval:eval_dev:seed17_U_step1000
    0.0303  eval:eval_dev:seed29_U_step600
    0.0303  eval:eval_dev:seed29_U_step900
    0.0300  eval:eval_dev:seed17_U_step300
    0.0300  eval:eval_dev:seed17_U_step500
    0.0300  eval:eval_dev:seed17_U_step900
    0.0300  eval:eval_dev:seed29_U_step100
    0.0300  eval:eval_dev:seed29_U_step700
    0.0297  eval:eval_dev:seed17_U_step700
    0.0297  eval:eval_dev:seed29_MAB_L2
    0.0297  eval:eval_dev:seed29_U_step200
    0.0297  eval:eval_dev:seed29_U_step1000
    0.0294  eval:eval_dev:seed29_MA
    0.0294  eval:eval_dev:seed29_U_step500
    0.0089  smoke:dump_mechanism

--- GPU capacity (real fail-closed probe) ---
    GPU availability probe  (6 samples @ 2s; idle = all samples valid, no compute proc, <1024MiB, <5% util)
    host=hyperplane  time=2026-10-10T15:56:51-04:00
    GPU 0  NVIDIA A100-SXM4-40GB     peak_util=   0  peak_mem=     14  procs=0  samples_ok=6/6  uuid=GPU-b2f89296-447e-dc7a-96b6-82ac699a02d7  -> IDLE
    GPU 1  NVIDIA A100-SXM4-40GB     peak_util=   0  peak_mem=     14  procs=0  samples_ok=6/6  uuid=GPU-16080ca5-6073-f2c8-04d7-368d4a510a2a  -> IDLE
    GPU 2  NVIDIA A100-SXM4-40GB     peak_util=   0  peak_mem=     14  procs=0  samples_ok=6/6  uuid=GPU-3594d682-af4b-13e1-3266-8a55455d669d  -> IDLE
    GPU 3  NVIDIA A100-SXM4-40GB     peak_util=   0  peak_mem=     14  procs=0  samples_ok=6/6  uuid=GPU-17211a38-e5ad-e9bc-eeda-aa3caa659d27  -> IDLE
    
    RESULT: idle GPUs = 0 1 2 3   (launch with CUDA_VISIBLE_DEVICES=0)
[capacity] RUNNING: 2 verified-idle GPU(s) acquired: 0 1

==============================================================
0. PREFLIGHT (CPU only, no GPU time charged)
==============================================================
commit            : 0cd9dc611b737e32774c631930ddf5a4199edc27
diagnostic root   : /data/bijaypandey/cuig_pilot/seq_pilot/diag_v2_early_grid
seeds             : 17 29
dump schedule     : every 10 to 100 (10,20,30,40,50,60,70,80,90,100)
offered for match : 10,20,30,40,50,60,70,80,90
                    (the scanned dumps not in this list are measured
                     but cannot be selected; see the amendment)
working tree      : clean

--- frozen prompt-set identities (recomputed from content) ---
VALID    manifest:dev
           content_digest = 1cd1f902669cefdc2d2f96ccae8641d02c831bf4f5ecfa09b5844da835063e6b
           records = 80
           distinct_prompt_ids = 20
           distinct_prompt_texts = 20
           counting = 20 prompt texts x 4 generation seeds = 80 prompt x generation-seed pairs
VALID    manifest:test
           content_digest = 5dd87dbb5a77c0f4c75de79a19b15b0b2e9cddc90d08172857700dac1bcc2a95
           records = 560
           distinct_prompt_ids = 140
           distinct_prompt_texts = 140
           counting = 140 prompt texts x 4 generation seeds = 560 prompt x generation-seed pairs

--- frozen bootstrap grouping ---
grouping identity 2ba0e8df5034d011… (stored 2ba0e8df5034d011…) OK
  unit=the scene cluster (set, category, prompt_index)  draws=10000  rng=2026100901

--- reused saved artifacts, bound by hash (read-only) ---
  seed17/MA: 3cb72ee162b9…  REGISTERED saved artifact (reused, never rewritten)
  seed17/MAB_L2: 8ee7d56f62b0…  REGISTERED saved artifact (reused, never rewritten)
  seed29/MA: fbf49199a306…  REGISTERED saved artifact (reused, never rewritten)
  seed29/MAB_L2: c4f3ecdcb945…  REGISTERED saved artifact (reused, never rewritten)

--- FIXED reference evaluations (read-only; never regenerated here) ---
reference dev root: /data/bijaypandey/cuig_pilot/seq_pilot/diag_v1/eval_dev
  seed17_MA: VALID fixed reference (generated by 3cb72ee162b9., the registered saved artifact)
  seed17_MAB_L2: VALID fixed reference (generated by 8ee7d56f62b0., the registered saved artifact)
  seed29_MA: VALID fixed reference (generated by fbf49199a306., the registered saved artifact)
  seed29_MAB_L2: VALID fixed reference (generated by c4f3ecdcb945., the registered saved artifact)
  bound 4 fixed reference evaluation(s) -> /data/bijaypandey/cuig_pilot/seq_pilot/diag_v2_early_grid/reference_bindings.json

--- per-stage estimates (INFORMATIONAL; they gate nothing) ---
source: /data/bijaypandey/cuig_pilot/seq_pilot/diag_v1/cost_model_measured.json
  train trajectory : 0.292361 GPU-h
  development slot : 0.039688 GPU-h
  frozen-test slot : 0.224571 GPU-h
These are recorded beside the actual occupancy so estimate-vs-actual
stays reportable. No stage is refused and no stage is time-limited
because of them.

--- GPU-hour USAGE RECORD (the EXPERIMENT's, not this output directory's) ---
ledger: /data/bijaypandey/cuig_pilot/seq_pilot/matched_effectiveness_gpu_budget.json
enforcement already retired (2026-10-10T17:48:43.843697+00:00): recording only, 1.2022 GPU-h recorded over 27 stage(s)
0 orphaned reservation(s) settled; 0 still live
enforcement     : RECORDING ONLY -- no GPU-hour ceiling. Compute is bounded by verified GPU availability.
                  retired 2026-10-10T17:48:43 by PI, 2026-10-10; prior ceiling 4.0 GPU-h and reserve 1.3474 GPU-h withdrawn
recorded        : 1.2022 GPU-h over 27 completed stage(s); 0 failed and still charged; 0 orphaned and conservatively charged
  of which carried forward: 27 stage(s), 1.2022 GPU-h
in flight       : 0.0000 GPU-h over 0 open reservation(s)
committed       : 1.2022 GPU-h
reserve withheld: none (the frozen-test reserve was withdrawn with the ceiling)
    0.2339  train:U_seed29
    0.2339  train:U_seed17
    0.0311  eval:eval_dev:seed17_MAB_L2
    0.0308  eval:eval_dev:seed17_U_step100
    0.0308  eval:eval_dev:seed17_U_step200
    0.0308  eval:eval_dev:seed17_U_step400
    0.0308  eval:eval_dev:seed29_U_step300
    0.0306  eval:eval_dev:seed17_MA
    0.0306  eval:eval_dev:seed17_U_step600
    0.0306  eval:eval_dev:seed29_U_step400
    0.0306  eval:eval_dev:seed29_U_step800
    0.0303  eval:eval_dev:seed17_U_step800
    0.0303  eval:eval_dev:seed17_U_step1000
    0.0303  eval:eval_dev:seed29_U_step600
    0.0303  eval:eval_dev:seed29_U_step900
    0.0300  eval:eval_dev:seed17_U_step300
    0.0300  eval:eval_dev:seed17_U_step500
    0.0300  eval:eval_dev:seed17_U_step900
    0.0300  eval:eval_dev:seed29_U_step100
    0.0300  eval:eval_dev:seed29_U_step700
    0.0297  eval:eval_dev:seed17_U_step700
    0.0297  eval:eval_dev:seed29_MAB_L2
    0.0297  eval:eval_dev:seed29_U_step200
    0.0297  eval:eval_dev:seed29_U_step1000
    0.0294  eval:eval_dev:seed29_MA
    0.0294  eval:eval_dev:seed29_U_step500
    0.0089  smoke:dump_mechanism

--- GPU capacity (real fail-closed probe) ---
    GPU availability probe  (6 samples @ 2s; idle = all samples valid, no compute proc, <1024MiB, <5% util)
    host=hyperplane  time=2026-10-10T15:57:06-04:00
    GPU 0  NVIDIA A100-SXM4-40GB     peak_util=   0  peak_mem=     14  procs=0  samples_ok=6/6  uuid=GPU-b2f89296-447e-dc7a-96b6-82ac699a02d7  -> IDLE
    GPU 1  NVIDIA A100-SXM4-40GB     peak_util=   0  peak_mem=     14  procs=0  samples_ok=6/6  uuid=GPU-16080ca5-6073-f2c8-04d7-368d4a510a2a  -> IDLE
    GPU 2  NVIDIA A100-SXM4-40GB     peak_util=   0  peak_mem=     14  procs=0  samples_ok=6/6  uuid=GPU-3594d682-af4b-13e1-3266-8a55455d669d  -> IDLE
    GPU 3  NVIDIA A100-SXM4-40GB     peak_util=   0  peak_mem=     14  procs=0  samples_ok=6/6  uuid=GPU-17211a38-e5ad-e9bc-eeda-aa3caa659d27  -> IDLE
    
    RESULT: idle GPUs = 0 1 2 3   (launch with CUDA_VISIBLE_DEVICES=0)
[capacity] RUNNING: 2 verified-idle GPU(s) acquired: 0 1

==============================================================
0b. GPU SMOKE TEST: does the dump mechanism actually produce dumps?
==============================================================
{"stage": "smoke:dump_mechanism", "need_gpu_hours": 0.03, "gpus": 1, "enforcement": "recording_only", "ceiling": null, "spent": 1.2022, "in_flight": 0, "committed": 1.2022, "reserve_withheld": null, "available_to_this_stage": null, "decision": "RECORD", "reservation_id": "5301154d3fc94062", "max_wall_seconds": null, "note": "no ceiling; estimate recorded, not enforced"}
    report dumps : 2/2 complete=True distinct=True
    files on disk: ['delta-10', 'delta-20']
    steps completed: 20
    SMOKE: PASS -- periodic dumps work on real hardware
[smoke] removing the throwaway trajectory; its evidence is the report above

==============================================================
0. PREFLIGHT (CPU only, no GPU time charged)
==============================================================
commit            : 0cd9dc611b737e32774c631930ddf5a4199edc27
diagnostic root   : /data/bijaypandey/cuig_pilot/seq_pilot/diag_v2_early_grid
seeds             : 17 29
dump schedule     : every 10 to 100 (10,20,30,40,50,60,70,80,90,100)
offered for match : 10,20,30,40,50,60,70,80,90
                    (the scanned dumps not in this list are measured
                     but cannot be selected; see the amendment)
working tree      : clean

--- frozen prompt-set identities (recomputed from content) ---
VALID    manifest:dev
           content_digest = 1cd1f902669cefdc2d2f96ccae8641d02c831bf4f5ecfa09b5844da835063e6b
           records = 80
           distinct_prompt_ids = 20
           distinct_prompt_texts = 20
           counting = 20 prompt texts x 4 generation seeds = 80 prompt x generation-seed pairs
VALID    manifest:test
           content_digest = 5dd87dbb5a77c0f4c75de79a19b15b0b2e9cddc90d08172857700dac1bcc2a95
           records = 560
           distinct_prompt_ids = 140
           distinct_prompt_texts = 140
           counting = 140 prompt texts x 4 generation seeds = 560 prompt x generation-seed pairs

--- frozen bootstrap grouping ---
grouping identity 2ba0e8df5034d011… (stored 2ba0e8df5034d011…) OK
  unit=the scene cluster (set, category, prompt_index)  draws=10000  rng=2026100901

--- reused saved artifacts, bound by hash (read-only) ---
  seed17/MA: 3cb72ee162b9…  REGISTERED saved artifact (reused, never rewritten)
  seed17/MAB_L2: 8ee7d56f62b0…  REGISTERED saved artifact (reused, never rewritten)
  seed29/MA: fbf49199a306…  REGISTERED saved artifact (reused, never rewritten)
  seed29/MAB_L2: c4f3ecdcb945…  REGISTERED saved artifact (reused, never rewritten)

--- FIXED reference evaluations (read-only; never regenerated here) ---
reference dev root: /data/bijaypandey/cuig_pilot/seq_pilot/diag_v1/eval_dev
  seed17_MA: VALID fixed reference (generated by 3cb72ee162b9., the registered saved artifact)
  seed17_MAB_L2: VALID fixed reference (generated by 8ee7d56f62b0., the registered saved artifact)
  seed29_MA: VALID fixed reference (generated by fbf49199a306., the registered saved artifact)
  seed29_MAB_L2: VALID fixed reference (generated by c4f3ecdcb945., the registered saved artifact)
  bound 4 fixed reference evaluation(s) -> /data/bijaypandey/cuig_pilot/seq_pilot/diag_v2_early_grid/reference_bindings.json

--- per-stage estimates (INFORMATIONAL; they gate nothing) ---
source: /data/bijaypandey/cuig_pilot/seq_pilot/diag_v1/cost_model_measured.json
  train trajectory : 0.292361 GPU-h
  development slot : 0.039688 GPU-h
  frozen-test slot : 0.224571 GPU-h
These are recorded beside the actual occupancy so estimate-vs-actual
stays reportable. No stage is refused and no stage is time-limited
because of them.

--- GPU-hour USAGE RECORD (the EXPERIMENT's, not this output directory's) ---
ledger: /data/bijaypandey/cuig_pilot/seq_pilot/matched_effectiveness_gpu_budget.json
enforcement already retired (2026-10-10T17:48:43.843697+00:00): recording only, 1.2114 GPU-h recorded over 28 stage(s)
0 orphaned reservation(s) settled; 0 still live
enforcement     : RECORDING ONLY -- no GPU-hour ceiling. Compute is bounded by verified GPU availability.
                  retired 2026-10-10T17:48:43 by PI, 2026-10-10; prior ceiling 4.0 GPU-h and reserve 1.3474 GPU-h withdrawn
recorded        : 1.2114 GPU-h over 28 completed stage(s); 0 failed and still charged; 0 orphaned and conservatively charged
  of which carried forward: 27 stage(s), 1.2022 GPU-h
in flight       : 0.0000 GPU-h over 0 open reservation(s)
committed       : 1.2114 GPU-h
reserve withheld: none (the frozen-test reserve was withdrawn with the ceiling)
    0.2339  train:U_seed29
    0.2339  train:U_seed17
    0.0311  eval:eval_dev:seed17_MAB_L2
    0.0308  eval:eval_dev:seed17_U_step100
    0.0308  eval:eval_dev:seed17_U_step200
    0.0308  eval:eval_dev:seed17_U_step400
    0.0308  eval:eval_dev:seed29_U_step300
    0.0306  eval:eval_dev:seed17_MA
    0.0306  eval:eval_dev:seed17_U_step600
    0.0306  eval:eval_dev:seed29_U_step400
    0.0306  eval:eval_dev:seed29_U_step800
    0.0303  eval:eval_dev:seed17_U_step800
    0.0303  eval:eval_dev:seed17_U_step1000
    0.0303  eval:eval_dev:seed29_U_step600
    0.0303  eval:eval_dev:seed29_U_step900
    0.0300  eval:eval_dev:seed17_U_step300
    0.0300  eval:eval_dev:seed17_U_step500
    0.0300  eval:eval_dev:seed17_U_step900
    0.0300  eval:eval_dev:seed29_U_step100
    0.0300  eval:eval_dev:seed29_U_step700
    0.0297  eval:eval_dev:seed17_U_step700
    0.0297  eval:eval_dev:seed29_MAB_L2
    0.0297  eval:eval_dev:seed29_U_step200
    0.0297  eval:eval_dev:seed29_U_step1000
    0.0294  eval:eval_dev:seed29_MA
    0.0294  eval:eval_dev:seed29_U_step500
    0.0181  smoke:dump_mechanism

--- GPU capacity (real fail-closed probe) ---
    GPU availability probe  (6 samples @ 2s; idle = all samples valid, no compute proc, <1024MiB, <5% util)
    host=hyperplane  time=2026-10-10T15:57:54-04:00
    GPU 0  NVIDIA A100-SXM4-40GB     peak_util=   0  peak_mem=     14  procs=0  samples_ok=6/6  uuid=GPU-b2f89296-447e-dc7a-96b6-82ac699a02d7  -> IDLE
    GPU 1  NVIDIA A100-SXM4-40GB     peak_util=   0  peak_mem=     14  procs=0  samples_ok=6/6  uuid=GPU-16080ca5-6073-f2c8-04d7-368d4a510a2a  -> IDLE
    GPU 2  NVIDIA A100-SXM4-40GB     peak_util=   0  peak_mem=     14  procs=0  samples_ok=6/6  uuid=GPU-3594d682-af4b-13e1-3266-8a55455d669d  -> IDLE
    GPU 3  NVIDIA A100-SXM4-40GB     peak_util=   0  peak_mem=     14  procs=0  samples_ok=6/6  uuid=GPU-17211a38-e5ad-e9bc-eeda-aa3caa659d27  -> IDLE
    
    RESULT: idle GPUs = 0 1 2 3   (launch with CUDA_VISIBLE_DEVICES=0)
[capacity] RUNNING: 2 verified-idle GPU(s) acquired: 0 1

==============================================================
1. TRAIN two new unregularised dog trajectories
==============================================================
{"stage": "train:U_seed17", "need_gpu_hours": 0.292361, "gpus": 1, "enforcement": "recording_only", "ceiling": null, "spent": 1.2114, "in_flight": 0, "committed": 1.2114, "reserve_withheld": null, "available_to_this_stage": null, "decision": "RECORD", "reservation_id": "9fb4ad6ea2854eee", "max_wall_seconds": null, "note": "no ceiling; estimate recorded, not enforced"}
[train] seed17 U on GPU 0 (unregularised, parent = saved MA)
{"stage": "train:U_seed29", "need_gpu_hours": 0.292361, "gpus": 1, "enforcement": "recording_only", "ceiling": null, "spent": 1.2114, "in_flight": 0.2924, "committed": 1.5038, "reserve_withheld": null, "available_to_this_stage": null, "decision": "RECORD", "reservation_id": "be4c904fadf94a53", "max_wall_seconds": null, "note": "no ceiling; estimate recorded, not enforced"}
[train] seed29 U on GPU 1 (unregularised, parent = saved MA)

--- validating trajectory seed17 ---
    VALID    train:U
               optimizer_steps_completed = 100
               training_completion_verified = True
               step_counter_source = upstream update_progress_and_checkpoint return value, captured per gradient sync
               parent_sha256 = 3cb72ee162b9…
               delta_sha256 = 14630d9f0b07…
               parameters = 19169280
               tensors = 32
    dumps: 10/10 present, all validate against the checkpoint contract, all digests distinct
--- validating trajectory seed29 ---
    VALID    train:U
               optimizer_steps_completed = 100
               training_completion_verified = True
               step_counter_source = upstream update_progress_and_checkpoint return value, captured per gradient sync
               parent_sha256 = fbf49199a306…
               delta_sha256 = 51a2ff2aa5c1…
               parameters = 19169280
               tensors = 32
    dumps: 10/10 present, all validate against the checkpoint contract, all digests distinct
enforcement     : RECORDING ONLY -- no GPU-hour ceiling. Compute is bounded by verified GPU availability.
                  retired 2026-10-10T17:48:43 by PI, 2026-10-10; prior ceiling 4.0 GPU-h and reserve 1.3474 GPU-h withdrawn
recorded        : 1.2664 GPU-h over 30 completed stage(s); 0 failed and still charged; 0 orphaned and conservatively charged
  of which carried forward: 27 stage(s), 1.2022 GPU-h
in flight       : 0.0000 GPU-h over 0 open reservation(s)
committed       : 1.2664 GPU-h
reserve withheld: none (the frozen-test reserve was withdrawn with the ceiling)
    0.2617  train:U_seed17
    0.2611  train:U_seed29
    0.0311  eval:eval_dev:seed17_MAB_L2
    0.0308  eval:eval_dev:seed17_U_step100
    0.0308  eval:eval_dev:seed17_U_step200
    0.0308  eval:eval_dev:seed17_U_step400
    0.0308  eval:eval_dev:seed29_U_step300
    0.0306  eval:eval_dev:seed17_MA
    0.0306  eval:eval_dev:seed17_U_step600
    0.0306  eval:eval_dev:seed29_U_step400
    0.0306  eval:eval_dev:seed29_U_step800
    0.0303  eval:eval_dev:seed17_U_step800
    0.0303  eval:eval_dev:seed17_U_step1000
    0.0303  eval:eval_dev:seed29_U_step600
    0.0303  eval:eval_dev:seed29_U_step900
    0.0300  eval:eval_dev:seed17_U_step300
    0.0300  eval:eval_dev:seed17_U_step500
    0.0300  eval:eval_dev:seed17_U_step900
    0.0300  eval:eval_dev:seed29_U_step100
    0.0300  eval:eval_dev:seed29_U_step700
    0.0297  eval:eval_dev:seed17_U_step700
    0.0297  eval:eval_dev:seed29_MAB_L2
    0.0297  eval:eval_dev:seed29_U_step200
    0.0297  eval:eval_dev:seed29_U_step1000
    0.0294  eval:eval_dev:seed29_MA
    0.0294  eval:eval_dev:seed29_U_step500
    0.0181  smoke:dump_mechanism

==============================================================
0. PREFLIGHT (CPU only, no GPU time charged)
==============================================================
commit            : 0cd9dc611b737e32774c631930ddf5a4199edc27
diagnostic root   : /data/bijaypandey/cuig_pilot/seq_pilot/diag_v2_early_grid
seeds             : 17 29
dump schedule     : every 10 to 100 (10,20,30,40,50,60,70,80,90,100)
offered for match : 10,20,30,40,50,60,70,80,90
                    (the scanned dumps not in this list are measured
                     but cannot be selected; see the amendment)
working tree      : clean

--- frozen prompt-set identities (recomputed from content) ---
VALID    manifest:dev
           content_digest = 1cd1f902669cefdc2d2f96ccae8641d02c831bf4f5ecfa09b5844da835063e6b
           records = 80
           distinct_prompt_ids = 20
           distinct_prompt_texts = 20
           counting = 20 prompt texts x 4 generation seeds = 80 prompt x generation-seed pairs
VALID    manifest:test
           content_digest = 5dd87dbb5a77c0f4c75de79a19b15b0b2e9cddc90d08172857700dac1bcc2a95
           records = 560
           distinct_prompt_ids = 140
           distinct_prompt_texts = 140
           counting = 140 prompt texts x 4 generation seeds = 560 prompt x generation-seed pairs

--- frozen bootstrap grouping ---
grouping identity 2ba0e8df5034d011… (stored 2ba0e8df5034d011…) OK
  unit=the scene cluster (set, category, prompt_index)  draws=10000  rng=2026100901

--- reused saved artifacts, bound by hash (read-only) ---
  seed17/MA: 3cb72ee162b9…  REGISTERED saved artifact (reused, never rewritten)
  seed17/MAB_L2: 8ee7d56f62b0…  REGISTERED saved artifact (reused, never rewritten)
  seed29/MA: fbf49199a306…  REGISTERED saved artifact (reused, never rewritten)
  seed29/MAB_L2: c4f3ecdcb945…  REGISTERED saved artifact (reused, never rewritten)

--- FIXED reference evaluations (read-only; never regenerated here) ---
reference dev root: /data/bijaypandey/cuig_pilot/seq_pilot/diag_v1/eval_dev
  seed17_MA: VALID fixed reference (generated by 3cb72ee162b9., the registered saved artifact)
  seed17_MAB_L2: VALID fixed reference (generated by 8ee7d56f62b0., the registered saved artifact)
  seed29_MA: VALID fixed reference (generated by fbf49199a306., the registered saved artifact)
  seed29_MAB_L2: VALID fixed reference (generated by c4f3ecdcb945., the registered saved artifact)
  bound 4 fixed reference evaluation(s) -> /data/bijaypandey/cuig_pilot/seq_pilot/diag_v2_early_grid/reference_bindings.json

--- per-stage estimates (INFORMATIONAL; they gate nothing) ---
source: /data/bijaypandey/cuig_pilot/seq_pilot/diag_v1/cost_model_measured.json
  train trajectory : 0.292361 GPU-h
  development slot : 0.039688 GPU-h
  frozen-test slot : 0.224571 GPU-h
These are recorded beside the actual occupancy so estimate-vs-actual
stays reportable. No stage is refused and no stage is time-limited
because of them.

--- GPU-hour USAGE RECORD (the EXPERIMENT's, not this output directory's) ---
ledger: /data/bijaypandey/cuig_pilot/seq_pilot/matched_effectiveness_gpu_budget.json
enforcement already retired (2026-10-10T17:48:43.843697+00:00): recording only, 1.2664 GPU-h recorded over 30 stage(s)
0 orphaned reservation(s) settled; 0 still live
enforcement     : RECORDING ONLY -- no GPU-hour ceiling. Compute is bounded by verified GPU availability.
                  retired 2026-10-10T17:48:43 by PI, 2026-10-10; prior ceiling 4.0 GPU-h and reserve 1.3474 GPU-h withdrawn
recorded        : 1.2664 GPU-h over 30 completed stage(s); 0 failed and still charged; 0 orphaned and conservatively charged
  of which carried forward: 27 stage(s), 1.2022 GPU-h
in flight       : 0.0000 GPU-h over 0 open reservation(s)
committed       : 1.2664 GPU-h
reserve withheld: none (the frozen-test reserve was withdrawn with the ceiling)
    0.2617  train:U_seed17
    0.2611  train:U_seed29
    0.0311  eval:eval_dev:seed17_MAB_L2
    0.0308  eval:eval_dev:seed17_U_step100
    0.0308  eval:eval_dev:seed17_U_step200
    0.0308  eval:eval_dev:seed17_U_step400
    0.0308  eval:eval_dev:seed29_U_step300
    0.0306  eval:eval_dev:seed17_MA
    0.0306  eval:eval_dev:seed17_U_step600
    0.0306  eval:eval_dev:seed29_U_step400
    0.0306  eval:eval_dev:seed29_U_step800
    0.0303  eval:eval_dev:seed17_U_step800
    0.0303  eval:eval_dev:seed17_U_step1000
    0.0303  eval:eval_dev:seed29_U_step600
    0.0303  eval:eval_dev:seed29_U_step900
    0.0300  eval:eval_dev:seed17_U_step300
    0.0300  eval:eval_dev:seed17_U_step500
    0.0300  eval:eval_dev:seed17_U_step900
    0.0300  eval:eval_dev:seed29_U_step100
    0.0300  eval:eval_dev:seed29_U_step700
    0.0297  eval:eval_dev:seed17_U_step700
    0.0297  eval:eval_dev:seed29_MAB_L2
    0.0297  eval:eval_dev:seed29_U_step200
    0.0297  eval:eval_dev:seed29_U_step1000
    0.0294  eval:eval_dev:seed29_MA
    0.0294  eval:eval_dev:seed29_U_step500
    0.0181  smoke:dump_mechanism

--- GPU capacity (real fail-closed probe) ---
    GPU availability probe  (6 samples @ 2s; idle = all samples valid, no compute proc, <1024MiB, <5% util)
    host=hyperplane  time=2026-10-10T16:00:02-04:00
    GPU 0  NVIDIA A100-SXM4-40GB     peak_util=   0  peak_mem=     14  procs=0  samples_ok=6/6  uuid=GPU-b2f89296-447e-dc7a-96b6-82ac699a02d7  -> IDLE
    GPU 1  NVIDIA A100-SXM4-40GB     peak_util=   0  peak_mem=     14  procs=0  samples_ok=6/6  uuid=GPU-16080ca5-6073-f2c8-04d7-368d4a510a2a  -> IDLE
    GPU 2  NVIDIA A100-SXM4-40GB     peak_util=   0  peak_mem=     14  procs=0  samples_ok=6/6  uuid=GPU-3594d682-af4b-13e1-3266-8a55455d669d  -> IDLE
    GPU 3  NVIDIA A100-SXM4-40GB     peak_util=   0  peak_mem=     14  procs=0  samples_ok=6/6  uuid=GPU-17211a38-e5ad-e9bc-eeda-aa3caa659d27  -> IDLE
    
    RESULT: idle GPUs = 0 1 2 3   (launch with CUDA_VISIBLE_DEVICES=0)
[capacity] RUNNING: 2 verified-idle GPU(s) acquired: 0 1

==============================================================
2. DEVELOPMENT set (dog only, selection only)
==============================================================
slots: 20 (per seed: 10 dumps only)
the reference arms are NOT regenerated here: they are read-only from
  /data/bijaypandey/cuig_pilot/seq_pilot/diag_v1/eval_dev
so the suppression target cannot move while candidates are scored.
{"stage": "eval:eval_dev:seed17_U_step10", "need_gpu_hours": 0.039688, "gpus": 1, "enforcement": "recording_only", "ceiling": null, "spent": 1.2664, "in_flight": 0, "committed": 1.2664, "reserve_withheld": null, "available_to_this_stage": null, "decision": "RECORD", "reservation_id": "2355ed860bc64124", "max_wall_seconds": null, "note": "no ceiling; estimate recorded, not enforced"}
{"stage": "eval:eval_dev:seed17_U_step20", "need_gpu_hours": 0.039688, "gpus": 1, "enforcement": "recording_only", "ceiling": null, "spent": 1.2664, "in_flight": 0.0397, "committed": 1.3061, "reserve_withheld": null, "available_to_this_stage": null, "decision": "RECORD", "reservation_id": "89d4ddce4f9e4b13", "max_wall_seconds": null, "note": "no ceiling; estimate recorded, not enforced"}
[eval] seed17_U_step20 on GPU 1 (80 images, checkpoint 3a07609100d3…)
[eval] seed17_U_step10 on GPU 0 (80 images, checkpoint dd1dd5205b36…)
    VALID    eval:seed17_U_step20
               expected_from_manifest = 80
               manifest_digest_recomputed = 1cd1f902669c…
               generating_checkpoint = 3a07609100d3…
{"stage": "eval:eval_dev:seed17_U_step40", "need_gpu_hours": 0.039688, "gpus": 1, "enforcement": "recording_only", "ceiling": null, "spent": 1.2978, "in_flight": 0.0397, "committed": 1.3375, "reserve_withheld": null, "available_to_this_stage": null, "decision": "RECORD", "reservation_id": "e33e8a6d25fa4066", "max_wall_seconds": null, "note": "no ceiling; estimate recorded, not enforced"}
    VALID    eval:seed17_U_step10
               expected_from_manifest = 80
               manifest_digest_recomputed = 1cd1f902669c…
               generating_checkpoint = dd1dd5205b36…
{"stage": "eval:eval_dev:seed17_U_step30", "need_gpu_hours": 0.039688, "gpus": 1, "enforcement": "recording_only", "ceiling": null, "spent": 1.3292, "in_flight": 0.0397, "committed": 1.3689, "reserve_withheld": null, "available_to_this_stage": null, "decision": "RECORD", "reservation_id": "86b7736fea4041d4", "max_wall_seconds": null, "note": "no ceiling; estimate recorded, not enforced"}
[eval] seed17_U_step40 on GPU 1 (80 images, checkpoint 1c72906ed547…)
[eval] seed17_U_step30 on GPU 0 (80 images, checkpoint 4d8e7df4eb83…)
    VALID    eval:seed17_U_step40
               expected_from_manifest = 80
               manifest_digest_recomputed = 1cd1f902669c…
               generating_checkpoint = 1c72906ed547…
{"stage": "eval:eval_dev:seed17_U_step60", "need_gpu_hours": 0.039688, "gpus": 1, "enforcement": "recording_only", "ceiling": null, "spent": 1.3603, "in_flight": 0.0397, "committed": 1.4, "reserve_withheld": null, "available_to_this_stage": null, "decision": "RECORD", "reservation_id": "63ea7dbbaf1b4073", "max_wall_seconds": null, "note": "no ceiling; estimate recorded, not enforced"}
[eval] seed17_U_step60 on GPU 1 (80 images, checkpoint 69ad6080e9f2…)
    VALID    eval:seed17_U_step30
               expected_from_manifest = 80
               manifest_digest_recomputed = 1cd1f902669c…
               generating_checkpoint = 4d8e7df4eb83…
{"stage": "eval:eval_dev:seed17_U_step50", "need_gpu_hours": 0.039688, "gpus": 1, "enforcement": "recording_only", "ceiling": null, "spent": 1.3917, "in_flight": 0.0397, "committed": 1.4314, "reserve_withheld": null, "available_to_this_stage": null, "decision": "RECORD", "reservation_id": "930ff79b10dc489f", "max_wall_seconds": null, "note": "no ceiling; estimate recorded, not enforced"}
[eval] seed17_U_step50 on GPU 0 (80 images, checkpoint 8468bed870d1…)
    VALID    eval:seed17_U_step60
               expected_from_manifest = 80
               manifest_digest_recomputed = 1cd1f902669c…
               generating_checkpoint = 69ad6080e9f2…
{"stage": "eval:eval_dev:seed17_U_step80", "need_gpu_hours": 0.039688, "gpus": 1, "enforcement": "recording_only", "ceiling": null, "spent": 1.4219, "in_flight": 0.0397, "committed": 1.4616, "reserve_withheld": null, "available_to_this_stage": null, "decision": "RECORD", "reservation_id": "5b3fc28a57724cfe", "max_wall_seconds": null, "note": "no ceiling; estimate recorded, not enforced"}
[eval] seed17_U_step80 on GPU 1 (80 images, checkpoint 533fb35ab19a…)
    VALID    eval:seed17_U_step50
               expected_from_manifest = 80
               manifest_digest_recomputed = 1cd1f902669c…
               generating_checkpoint = 8468bed870d1…
{"stage": "eval:eval_dev:seed17_U_step70", "need_gpu_hours": 0.039688, "gpus": 1, "enforcement": "recording_only", "ceiling": null, "spent": 1.4525, "in_flight": 0.0397, "committed": 1.4922, "reserve_withheld": null, "available_to_this_stage": null, "decision": "RECORD", "reservation_id": "4ef302441feb4d1a", "max_wall_seconds": null, "note": "no ceiling; estimate recorded, not enforced"}
[eval] seed17_U_step70 on GPU 0 (80 images, checkpoint 0717b0011f2a…)
    VALID    eval:seed17_U_step80
               expected_from_manifest = 80
               manifest_digest_recomputed = 1cd1f902669c…
               generating_checkpoint = 533fb35ab19a…
{"stage": "eval:eval_dev:seed17_U_step100", "need_gpu_hours": 0.039688, "gpus": 1, "enforcement": "recording_only", "ceiling": null, "spent": 1.4825, "in_flight": 0.0397, "committed": 1.5222, "reserve_withheld": null, "available_to_this_stage": null, "decision": "RECORD", "reservation_id": "7e70fe0db01f4624", "max_wall_seconds": null, "note": "no ceiling; estimate recorded, not enforced"}
[eval] seed17_U_step100 on GPU 1 (80 images, checkpoint 65dba5ef81a8…)
    VALID    eval:seed17_U_step70
               expected_from_manifest = 80
               manifest_digest_recomputed = 1cd1f902669c…
               generating_checkpoint = 0717b0011f2a…
{"stage": "eval:eval_dev:seed17_U_step90", "need_gpu_hours": 0.039688, "gpus": 1, "enforcement": "recording_only", "ceiling": null, "spent": 1.5128, "in_flight": 0.0397, "committed": 1.5525, "reserve_withheld": null, "available_to_this_stage": null, "decision": "RECORD", "reservation_id": "6baa0953dfbc4c0d", "max_wall_seconds": null, "note": "no ceiling; estimate recorded, not enforced"}
[eval] seed17_U_step90 on GPU 0 (80 images, checkpoint 95c464116a65…)
    VALID    eval:seed17_U_step100
               expected_from_manifest = 80
               manifest_digest_recomputed = 1cd1f902669c…
               generating_checkpoint = 65dba5ef81a8…
{"stage": "eval:eval_dev:seed29_U_step20", "need_gpu_hours": 0.039688, "gpus": 1, "enforcement": "recording_only", "ceiling": null, "spent": 1.5431, "in_flight": 0.0397, "committed": 1.5827, "reserve_withheld": null, "available_to_this_stage": null, "decision": "RECORD", "reservation_id": "39734bd8861a4648", "max_wall_seconds": null, "note": "no ceiling; estimate recorded, not enforced"}
[eval] seed29_U_step20 on GPU 1 (80 images, checkpoint 622945e392e1…)
    VALID    eval:seed17_U_step90
               expected_from_manifest = 80
               manifest_digest_recomputed = 1cd1f902669c…
               generating_checkpoint = 95c464116a65…
{"stage": "eval:eval_dev:seed29_U_step10", "need_gpu_hours": 0.039688, "gpus": 1, "enforcement": "recording_only", "ceiling": null, "spent": 1.5733, "in_flight": 0.0397, "committed": 1.613, "reserve_withheld": null, "available_to_this_stage": null, "decision": "RECORD", "reservation_id": "dc7471b4611245f3", "max_wall_seconds": null, "note": "no ceiling; estimate recorded, not enforced"}
[eval] seed29_U_step10 on GPU 0 (80 images, checkpoint 99c16ff2962f…)
    VALID    eval:seed29_U_step20
               expected_from_manifest = 80
               manifest_digest_recomputed = 1cd1f902669c…
               generating_checkpoint = 622945e392e1…
{"stage": "eval:eval_dev:seed29_U_step40", "need_gpu_hours": 0.039688, "gpus": 1, "enforcement": "recording_only", "ceiling": null, "spent": 1.6036, "in_flight": 0.0397, "committed": 1.6433, "reserve_withheld": null, "available_to_this_stage": null, "decision": "RECORD", "reservation_id": "98ee9bedd55b42dd", "max_wall_seconds": null, "note": "no ceiling; estimate recorded, not enforced"}
[eval] seed29_U_step40 on GPU 1 (80 images, checkpoint cd4709635f2f…)
    VALID    eval:seed29_U_step10
               expected_from_manifest = 80
               manifest_digest_recomputed = 1cd1f902669c…
               generating_checkpoint = 99c16ff2962f…
{"stage": "eval:eval_dev:seed29_U_step30", "need_gpu_hours": 0.039688, "gpus": 1, "enforcement": "recording_only", "ceiling": null, "spent": 1.6342, "in_flight": 0.0397, "committed": 1.6739, "reserve_withheld": null, "available_to_this_stage": null, "decision": "RECORD", "reservation_id": "83ad860871f946f7", "max_wall_seconds": null, "note": "no ceiling; estimate recorded, not enforced"}
[eval] seed29_U_step30 on GPU 0 (80 images, checkpoint 8e8e3a5688d4…)
    VALID    eval:seed29_U_step40
               expected_from_manifest = 80
               manifest_digest_recomputed = 1cd1f902669c…
               generating_checkpoint = cd4709635f2f…
{"stage": "eval:eval_dev:seed29_U_step60", "need_gpu_hours": 0.039688, "gpus": 1, "enforcement": "recording_only", "ceiling": null, "spent": 1.6644, "in_flight": 0.0397, "committed": 1.7041, "reserve_withheld": null, "available_to_this_stage": null, "decision": "RECORD", "reservation_id": "245b2e9736b04542", "max_wall_seconds": null, "note": "no ceiling; estimate recorded, not enforced"}
[eval] seed29_U_step60 on GPU 1 (80 images, checkpoint 16585dea4ef2…)
    VALID    eval:seed29_U_step30
               expected_from_manifest = 80
               manifest_digest_recomputed = 1cd1f902669c…
               generating_checkpoint = 8e8e3a5688d4…
{"stage": "eval:eval_dev:seed29_U_step50", "need_gpu_hours": 0.039688, "gpus": 1, "enforcement": "recording_only", "ceiling": null, "spent": 1.695, "in_flight": 0.0397, "committed": 1.7347, "reserve_withheld": null, "available_to_this_stage": null, "decision": "RECORD", "reservation_id": "148f32eb2bed4405", "max_wall_seconds": null, "note": "no ceiling; estimate recorded, not enforced"}
[eval] seed29_U_step50 on GPU 0 (80 images, checkpoint 88efcf555418…)
    VALID    eval:seed29_U_step60
               expected_from_manifest = 80
               manifest_digest_recomputed = 1cd1f902669c…
               generating_checkpoint = 16585dea4ef2…
{"stage": "eval:eval_dev:seed29_U_step80", "need_gpu_hours": 0.039688, "gpus": 1, "enforcement": "recording_only", "ceiling": null, "spent": 1.7247, "in_flight": 0.0397, "committed": 1.7644, "reserve_withheld": null, "available_to_this_stage": null, "decision": "RECORD", "reservation_id": "caf6dd5c8e2b48c9", "max_wall_seconds": null, "note": "no ceiling; estimate recorded, not enforced"}
[eval] seed29_U_step80 on GPU 1 (80 images, checkpoint 7f3953f1eadd…)
    VALID    eval:seed29_U_step50
               expected_from_manifest = 80
               manifest_digest_recomputed = 1cd1f902669c…
               generating_checkpoint = 88efcf555418…
{"stage": "eval:eval_dev:seed29_U_step70", "need_gpu_hours": 0.039688, "gpus": 1, "enforcement": "recording_only", "ceiling": null, "spent": 1.7547, "in_flight": 0.0397, "committed": 1.7944, "reserve_withheld": null, "available_to_this_stage": null, "decision": "RECORD", "reservation_id": "36c89e5712004079", "max_wall_seconds": null, "note": "no ceiling; estimate recorded, not enforced"}
[eval] seed29_U_step70 on GPU 0 (80 images, checkpoint 3cc762795a21…)
    VALID    eval:seed29_U_step80
               expected_from_manifest = 80
               manifest_digest_recomputed = 1cd1f902669c…
               generating_checkpoint = 7f3953f1eadd…
{"stage": "eval:eval_dev:seed29_U_step100", "need_gpu_hours": 0.039688, "gpus": 1, "enforcement": "recording_only", "ceiling": null, "spent": 1.7833, "in_flight": 0.0397, "committed": 1.823, "reserve_withheld": null, "available_to_this_stage": null, "decision": "RECORD", "reservation_id": "65c033fd8565430a", "max_wall_seconds": null, "note": "no ceiling; estimate recorded, not enforced"}
[eval] seed29_U_step100 on GPU 1 (80 images, checkpoint 066622ea6f2a…)
    VALID    eval:seed29_U_step70
               expected_from_manifest = 80
               manifest_digest_recomputed = 1cd1f902669c…
               generating_checkpoint = 3cc762795a21…
{"stage": "eval:eval_dev:seed29_U_step90", "need_gpu_hours": 0.039688, "gpus": 1, "enforcement": "recording_only", "ceiling": null, "spent": 1.8133, "in_flight": 0.0397, "committed": 1.853, "reserve_withheld": null, "available_to_this_stage": null, "decision": "RECORD", "reservation_id": "7916f2a4b8be418d", "max_wall_seconds": null, "note": "no ceiling; estimate recorded, not enforced"}
[eval] seed29_U_step90 on GPU 0 (80 images, checkpoint 7c266567cb51…)
    VALID    eval:seed29_U_step100
               expected_from_manifest = 80
               manifest_digest_recomputed = 1cd1f902669c…
               generating_checkpoint = 066622ea6f2a…
    VALID    eval:seed29_U_step90
               expected_from_manifest = 80
               manifest_digest_recomputed = 1cd1f902669c…
               generating_checkpoint = 7c266567cb51…
enforcement     : RECORDING ONLY -- no GPU-hour ceiling. Compute is bounded by verified GPU availability.
                  retired 2026-10-10T17:48:43 by PI, 2026-10-10; prior ceiling 4.0 GPU-h and reserve 1.3474 GPU-h withdrawn
recorded        : 1.8722 GPU-h over 50 completed stage(s); 0 failed and still charged; 0 orphaned and conservatively charged
  of which carried forward: 27 stage(s), 1.2022 GPU-h
in flight       : 0.0000 GPU-h over 0 open reservation(s)
committed       : 1.8722 GPU-h
reserve withheld: none (the frozen-test reserve was withdrawn with the ceiling)
    0.2617  train:U_seed17
    0.2611  train:U_seed29
    0.0611  eval:eval_dev:seed17_U_step100
    0.0594  eval:eval_dev:seed29_U_step100
    0.0314  eval:eval_dev:seed17_U_step20
    0.0314  eval:eval_dev:seed17_U_step10
    0.0314  eval:eval_dev:seed17_U_step30
    0.0311  eval:eval_dev:seed17_MAB_L2
    0.0311  eval:eval_dev:seed17_U_step40
    0.0308  eval:eval_dev:seed17_U_step200
    0.0308  eval:eval_dev:seed17_U_step400
    0.0308  eval:eval_dev:seed29_U_step300
    0.0306  eval:eval_dev:seed17_MA
    0.0306  eval:eval_dev:seed17_U_step600
    0.0306  eval:eval_dev:seed29_U_step400
    0.0306  eval:eval_dev:seed29_U_step800
    0.0306  eval:eval_dev:seed17_U_step50
    0.0306  eval:eval_dev:seed29_U_step10
    0.0306  eval:eval_dev:seed29_U_step30
    0.0303  eval:eval_dev:seed17_U_step800
    0.0303  eval:eval_dev:seed17_U_step1000
    0.0303  eval:eval_dev:seed29_U_step600
    0.0303  eval:eval_dev:seed29_U_step900
    0.0303  eval:eval_dev:seed17_U_step60
    0.0303  eval:eval_dev:seed17_U_step70
    0.0303  eval:eval_dev:seed17_U_step90
    0.0303  eval:eval_dev:seed29_U_step20
    0.0303  eval:eval_dev:seed29_U_step40
    0.0300  eval:eval_dev:seed17_U_step300
    0.0300  eval:eval_dev:seed17_U_step500
    0.0300  eval:eval_dev:seed17_U_step900
    0.0300  eval:eval_dev:seed29_U_step700
    0.0300  eval:eval_dev:seed17_U_step80
    0.0300  eval:eval_dev:seed29_U_step50
    0.0300  eval:eval_dev:seed29_U_step70
    0.0297  eval:eval_dev:seed17_U_step700
    0.0297  eval:eval_dev:seed29_MAB_L2
    0.0297  eval:eval_dev:seed29_U_step200
    0.0297  eval:eval_dev:seed29_U_step1000
    0.0297  eval:eval_dev:seed29_U_step60
    0.0294  eval:eval_dev:seed29_MA
    0.0294  eval:eval_dev:seed29_U_step500
    0.0294  eval:eval_dev:seed29_U_step90
    0.0286  eval:eval_dev:seed29_U_step80
    0.0181  smoke:dump_mechanism

[gate] selection requires a FRESHLY COMPUTED bridge; recomputing now

==============================================================
BRIDGE CHECK (CPU; no GPU time) -- original run vs this rerun
==============================================================
=== seed 17 ===
  first-100-update settings identical : 29/29 (violations: none)
  declared changes                      : ['iterations_requested', 'epochs_cap', 'epoch_capacity_steps'] + save cadence {'original_every_n_steps': 100, 'rerun_every_n_steps': 10}
  fixed references verified             : True (L2 target 30.0 pp vs declared 30.0 pp)
  lr schedule horizon-independent       : True (constant)
  step-100 weights bitwise identical    : False (0/32, max abs 3.297e-04)
  step-100 dog suppression              : original 38.75 pp vs rerun 37.5 pp -> 1.25 pp (<= 5.0: True)
=== seed 29 ===
  first-100-update settings identical : 29/29 (violations: none)
  declared changes                      : ['iterations_requested', 'epochs_cap', 'epoch_capacity_steps'] + save cadence {'original_every_n_steps': 100, 'rerun_every_n_steps': 10}
  fixed references verified             : True (L2 target 33.75 pp vs declared 33.75 pp)
  lr schedule horizon-independent       : True (constant)
  step-100 weights bitwise identical    : False (0/32, max abs 3.340e-04)
  step-100 dog suppression              : original 42.5 pp vs rerun 43.75 pp -> 1.25 pp (<= 5.0: True)

VERDICT: BRIDGE_HELD
settings that determine the first 100 updates are identical, the only changes are the declared stopping limit and save cadence, and the two realisations' step-100 development dog suppression agrees within 5.0 pp. Selection on the early grid may proceed. The step-100 weights are NOT bitwise identical, so the early dumps are a second realisation rather than the original path; the distance is recorded and its cause is not isolated.
-> /data/bijaypandey/cuig_pilot/seq_pilot/diag_v2_early_grid/bridge_check.json
    bridge record : /data/bijaypandey/cuig_pilot/seq_pilot/diag_v2_early_grid/bridge_check.json
    computed      : 2026-10-10T20:18:20.942356+00:00
    verdict stored: BRIDGE_HELD
    inputs bound  : 20
    BRIDGE BINDINGS OK: every input is byte-identical to the one the verdict was computed from

==============================================================
3. SELECTION on the development set (CPU; no GPU time)
==============================================================
=== development-set selection (t=0.5, dog only) ===
seed 17: MATCHED
  MA dog residue        : 82.5% (66/80)
  L2 endpoint residue   : 52.5%  -> suppression 30.0 pp
  L2 reference gates    : suppression>=30pp=True  residue<=60%=True  -> ELIGIBLE  (exactly at the suppression gate)
    step   10: residue  75.0%  suppression    7.5 pp  gates=fail  mismatch  22.5 pp
    step   20: residue  72.5%  suppression   10.0 pp  gates=fail  mismatch  20.0 pp
    step   30: residue  66.2%  suppression   16.2 pp  gates=fail  mismatch  13.8 pp
    step   40: residue  61.2%  suppression   21.2 pp  gates=fail  mismatch   8.8 pp
    step   50: residue  56.2%  suppression   26.2 pp  gates=fail  mismatch   3.8 pp
    step   60: residue  53.8%  suppression   28.8 pp  gates=fail  mismatch   1.2 pp
    step   70: residue  51.2%  suppression   31.2 pp  gates=PASS  mismatch   1.2 pp  <- SELECTED
    step   80: residue  47.5%  suppression   35.0 pp  gates=PASS  mismatch   5.0 pp
    step   90: residue  46.2%  suppression   36.2 pp  gates=PASS  mismatch   6.2 pp
  reason: step 70 is the qualifying dump closest to this seed's L2 suppression (30.0 pp), mismatch 1.2 pp <= 5.0 pp; earliest step breaks ties.
seed 29: MATCHED
  MA dog residue        : 82.5% (66/80)
  L2 endpoint residue   : 48.8%  -> suppression 33.8 pp
  L2 reference gates    : suppression>=30pp=True  residue<=60%=True  -> ELIGIBLE
    step   10: residue  72.5%  suppression   10.0 pp  gates=fail  mismatch  23.8 pp
    step   20: residue  66.2%  suppression   16.2 pp  gates=fail  mismatch  17.5 pp
    step   30: residue  62.5%  suppression   20.0 pp  gates=fail  mismatch  13.8 pp
    step   40: residue  56.2%  suppression   26.2 pp  gates=fail  mismatch   7.5 pp
    step   50: residue  52.5%  suppression   30.0 pp  gates=PASS  mismatch   3.8 pp
    step   60: residue  53.8%  suppression   28.8 pp  gates=fail  mismatch   5.0 pp
    step   70: residue  51.2%  suppression   31.2 pp  gates=PASS  mismatch   2.5 pp  <- SELECTED
    step   80: residue  43.8%  suppression   38.8 pp  gates=PASS  mismatch   5.0 pp
    step   90: residue  42.5%  suppression   40.0 pp  gates=PASS  mismatch   6.2 pp
  reason: step 70 is the qualifying dump closest to this seed's L2 suppression (33.8 pp), mismatch 2.5 pp <= 5.0 pp; earliest step breaks ties.

both seeds matched: True -> PROCEED to the frozen test set
[selection] /data/bijaypandey/cuig_pilot/seq_pilot/diag_v2_early_grid/selection.json

Development matching succeeded on both seeds AND the bridge held.
The frozen test set is a SEPARATE, explicit invocation:
    bash scripts/seq/run_early_grid.sh test
Detector results are PROVISIONAL until the blinded human annotation
is complete. No final scientific conclusion follows from them alone.
2026-10-10T16:18:21-04:00 [all] exit=0
2026-10-10T16:18:21-04:00 [status] RUNNING (frozen_test) evaluating the frozen test set ONCE
2026-10-10T16:18:21-04:00 --- run_early_grid.sh test ---

##############################################################
# AMENDMENT 01 -- early dump grid 10,20,30,40,50,60,70,80,90
# output root : /data/bijaypandey/cuig_pilot/seq_pilot/diag_v2_early_grid
# original run: /data/bijaypandey/cuig_pilot/seq_pilot/diag_v1  (read-only)
# training     : 100 steps, dumps every 10
#                (declared changes: stopping limit and save cadence)
# bridge       : step 100, stop if |Delta suppression| > 5.0 pp
##############################################################

[gate] the frozen test set requires a FRESHLY COMPUTED bridge; recomputing now

==============================================================
BRIDGE CHECK (CPU; no GPU time) -- original run vs this rerun
==============================================================
=== seed 17 ===
  first-100-update settings identical : 29/29 (violations: none)
  declared changes                      : ['iterations_requested', 'epochs_cap', 'epoch_capacity_steps'] + save cadence {'original_every_n_steps': 100, 'rerun_every_n_steps': 10}
  fixed references verified             : True (L2 target 30.0 pp vs declared 30.0 pp)
  lr schedule horizon-independent       : True (constant)
  step-100 weights bitwise identical    : False (0/32, max abs 3.297e-04)
  step-100 dog suppression              : original 38.75 pp vs rerun 37.5 pp -> 1.25 pp (<= 5.0: True)
=== seed 29 ===
  first-100-update settings identical : 29/29 (violations: none)
  declared changes                      : ['iterations_requested', 'epochs_cap', 'epoch_capacity_steps'] + save cadence {'original_every_n_steps': 100, 'rerun_every_n_steps': 10}
  fixed references verified             : True (L2 target 33.75 pp vs declared 33.75 pp)
  lr schedule horizon-independent       : True (constant)
  step-100 weights bitwise identical    : False (0/32, max abs 3.340e-04)
  step-100 dog suppression              : original 42.5 pp vs rerun 43.75 pp -> 1.25 pp (<= 5.0: True)

VERDICT: BRIDGE_HELD
settings that determine the first 100 updates are identical, the only changes are the declared stopping limit and save cadence, and the two realisations' step-100 development dog suppression agrees within 5.0 pp. Selection on the early grid may proceed. The step-100 weights are NOT bitwise identical, so the early dumps are a second realisation rather than the original path; the distance is recorded and its cause is not isolated.
-> /data/bijaypandey/cuig_pilot/seq_pilot/diag_v2_early_grid/bridge_check.json
    bridge record : /data/bijaypandey/cuig_pilot/seq_pilot/diag_v2_early_grid/bridge_check.json
    computed      : 2026-10-10T20:18:24.295351+00:00
    verdict stored: BRIDGE_HELD
    inputs bound  : 20
    BRIDGE BINDINGS OK: every input is byte-identical to the one the verdict was computed from

[gate] re-binding the selection record to its development inputs
    decision record : /data/bijaypandey/cuig_pilot/seq_pilot/diag_v2_early_grid/selection.json
    decided_utc     : 2026-10-10T20:18:21.709457+00:00
    inputs bound    : 22
    SELECTION BINDINGS OK: every development input is byte-identical to the one this decision was made from

==============================================================
0. PREFLIGHT (CPU only, no GPU time charged)
==============================================================
commit            : 0cd9dc611b737e32774c631930ddf5a4199edc27
diagnostic root   : /data/bijaypandey/cuig_pilot/seq_pilot/diag_v2_early_grid
seeds             : 17 29
dump schedule     : every 10 to 100 (10,20,30,40,50,60,70,80,90,100)
offered for match : 10,20,30,40,50,60,70,80,90
                    (the scanned dumps not in this list are measured
                     but cannot be selected; see the amendment)
working tree      : clean

--- frozen prompt-set identities (recomputed from content) ---
VALID    manifest:dev
           content_digest = 1cd1f902669cefdc2d2f96ccae8641d02c831bf4f5ecfa09b5844da835063e6b
           records = 80
           distinct_prompt_ids = 20
           distinct_prompt_texts = 20
           counting = 20 prompt texts x 4 generation seeds = 80 prompt x generation-seed pairs
VALID    manifest:test
           content_digest = 5dd87dbb5a77c0f4c75de79a19b15b0b2e9cddc90d08172857700dac1bcc2a95
           records = 560
           distinct_prompt_ids = 140
           distinct_prompt_texts = 140
           counting = 140 prompt texts x 4 generation seeds = 560 prompt x generation-seed pairs

--- frozen bootstrap grouping ---
grouping identity 2ba0e8df5034d011… (stored 2ba0e8df5034d011…) OK
  unit=the scene cluster (set, category, prompt_index)  draws=10000  rng=2026100901

--- reused saved artifacts, bound by hash (read-only) ---
  seed17/MA: 3cb72ee162b9…  REGISTERED saved artifact (reused, never rewritten)
  seed17/MAB_L2: 8ee7d56f62b0…  REGISTERED saved artifact (reused, never rewritten)
  seed29/MA: fbf49199a306…  REGISTERED saved artifact (reused, never rewritten)
  seed29/MAB_L2: c4f3ecdcb945…  REGISTERED saved artifact (reused, never rewritten)

--- FIXED reference evaluations (read-only; never regenerated here) ---
reference dev root: /data/bijaypandey/cuig_pilot/seq_pilot/diag_v1/eval_dev
  seed17_MA: VALID fixed reference (generated by 3cb72ee162b9., the registered saved artifact)
  seed17_MAB_L2: VALID fixed reference (generated by 8ee7d56f62b0., the registered saved artifact)
  seed29_MA: VALID fixed reference (generated by fbf49199a306., the registered saved artifact)
  seed29_MAB_L2: VALID fixed reference (generated by c4f3ecdcb945., the registered saved artifact)
  bound 4 fixed reference evaluation(s) -> /data/bijaypandey/cuig_pilot/seq_pilot/diag_v2_early_grid/reference_bindings.json

--- per-stage estimates (INFORMATIONAL; they gate nothing) ---
source: /data/bijaypandey/cuig_pilot/seq_pilot/diag_v1/cost_model_measured.json
  train trajectory : 0.292361 GPU-h
  development slot : 0.039688 GPU-h
  frozen-test slot : 0.224571 GPU-h
These are recorded beside the actual occupancy so estimate-vs-actual
stays reportable. No stage is refused and no stage is time-limited
because of them.

--- GPU-hour USAGE RECORD (the EXPERIMENT's, not this output directory's) ---
ledger: /data/bijaypandey/cuig_pilot/seq_pilot/matched_effectiveness_gpu_budget.json
enforcement already retired (2026-10-10T17:48:43.843697+00:00): recording only, 1.8722 GPU-h recorded over 50 stage(s)
0 orphaned reservation(s) settled; 0 still live
enforcement     : RECORDING ONLY -- no GPU-hour ceiling. Compute is bounded by verified GPU availability.
                  retired 2026-10-10T17:48:43 by PI, 2026-10-10; prior ceiling 4.0 GPU-h and reserve 1.3474 GPU-h withdrawn
recorded        : 1.8722 GPU-h over 50 completed stage(s); 0 failed and still charged; 0 orphaned and conservatively charged
  of which carried forward: 27 stage(s), 1.2022 GPU-h
in flight       : 0.0000 GPU-h over 0 open reservation(s)
committed       : 1.8722 GPU-h
reserve withheld: none (the frozen-test reserve was withdrawn with the ceiling)
    0.2617  train:U_seed17
    0.2611  train:U_seed29
    0.0611  eval:eval_dev:seed17_U_step100
    0.0594  eval:eval_dev:seed29_U_step100
    0.0314  eval:eval_dev:seed17_U_step20
    0.0314  eval:eval_dev:seed17_U_step10
    0.0314  eval:eval_dev:seed17_U_step30
    0.0311  eval:eval_dev:seed17_MAB_L2
    0.0311  eval:eval_dev:seed17_U_step40
    0.0308  eval:eval_dev:seed17_U_step200
    0.0308  eval:eval_dev:seed17_U_step400
    0.0308  eval:eval_dev:seed29_U_step300
    0.0306  eval:eval_dev:seed17_MA
    0.0306  eval:eval_dev:seed17_U_step600
    0.0306  eval:eval_dev:seed29_U_step400
    0.0306  eval:eval_dev:seed29_U_step800
    0.0306  eval:eval_dev:seed17_U_step50
    0.0306  eval:eval_dev:seed29_U_step10
    0.0306  eval:eval_dev:seed29_U_step30
    0.0303  eval:eval_dev:seed17_U_step800
    0.0303  eval:eval_dev:seed17_U_step1000
    0.0303  eval:eval_dev:seed29_U_step600
    0.0303  eval:eval_dev:seed29_U_step900
    0.0303  eval:eval_dev:seed17_U_step60
    0.0303  eval:eval_dev:seed17_U_step70
    0.0303  eval:eval_dev:seed17_U_step90
    0.0303  eval:eval_dev:seed29_U_step20
    0.0303  eval:eval_dev:seed29_U_step40
    0.0300  eval:eval_dev:seed17_U_step300
    0.0300  eval:eval_dev:seed17_U_step500
    0.0300  eval:eval_dev:seed17_U_step900
    0.0300  eval:eval_dev:seed29_U_step700
    0.0300  eval:eval_dev:seed17_U_step80
    0.0300  eval:eval_dev:seed29_U_step50
    0.0300  eval:eval_dev:seed29_U_step70
    0.0297  eval:eval_dev:seed17_U_step700
    0.0297  eval:eval_dev:seed29_MAB_L2
    0.0297  eval:eval_dev:seed29_U_step200
    0.0297  eval:eval_dev:seed29_U_step1000
    0.0297  eval:eval_dev:seed29_U_step60
    0.0294  eval:eval_dev:seed29_MA
    0.0294  eval:eval_dev:seed29_U_step500
    0.0294  eval:eval_dev:seed29_U_step90
    0.0286  eval:eval_dev:seed29_U_step80
    0.0181  smoke:dump_mechanism

--- GPU capacity (real fail-closed probe) ---
    GPU availability probe  (6 samples @ 2s; idle = all samples valid, no compute proc, <1024MiB, <5% util)
    host=hyperplane  time=2026-10-10T16:18:39-04:00
    GPU 0  NVIDIA A100-SXM4-40GB     peak_util=   0  peak_mem=     14  procs=0  samples_ok=6/6  uuid=GPU-b2f89296-447e-dc7a-96b6-82ac699a02d7  -> IDLE
    GPU 1  NVIDIA A100-SXM4-40GB     peak_util=   0  peak_mem=     14  procs=0  samples_ok=6/6  uuid=GPU-16080ca5-6073-f2c8-04d7-368d4a510a2a  -> IDLE
    GPU 2  NVIDIA A100-SXM4-40GB     peak_util=   0  peak_mem=     14  procs=0  samples_ok=6/6  uuid=GPU-3594d682-af4b-13e1-3266-8a55455d669d  -> IDLE
    GPU 3  NVIDIA A100-SXM4-40GB     peak_util=   0  peak_mem=     14  procs=0  samples_ok=6/6  uuid=GPU-17211a38-e5ad-e9bc-eeda-aa3caa659d27  -> IDLE
    
    RESULT: idle GPUs = 0 1 2 3   (launch with CUDA_VISIBLE_DEVICES=0)
[capacity] RUNNING: 2 verified-idle GPU(s) acquired: 0 1

==============================================================
4. FROZEN TEST set (evaluated ONCE; no reselection)
==============================================================
--- re-binding the selection to the development inputs it used ---
    decision record : /data/bijaypandey/cuig_pilot/seq_pilot/diag_v2_early_grid/selection.json
    decided_utc     : 2026-10-10T20:18:21.709457+00:00
    inputs bound    : 22
    SELECTION BINDINGS OK: every development input is byte-identical to the one this decision was made from
seed 17: selected U step 70
seed 29: selected U step 70
{"stage": "eval:eval_test:seed17_MAB_L2", "need_gpu_hours": 0.224571, "gpus": 1, "enforcement": "recording_only", "ceiling": null, "spent": 1.8722, "in_flight": 0, "committed": 1.8722, "reserve_withheld": null, "available_to_this_stage": null, "decision": "RECORD", "reservation_id": "959fa16f18c64e29", "max_wall_seconds": null, "note": "no ceiling; estimate recorded, not enforced"}
{"stage": "eval:eval_test:seed17_MA", "need_gpu_hours": 0.224571, "gpus": 1, "enforcement": "recording_only", "ceiling": null, "spent": 1.8722, "in_flight": 0.2246, "committed": 2.0968, "reserve_withheld": null, "available_to_this_stage": null, "decision": "RECORD", "reservation_id": "0050c75581c94efc", "max_wall_seconds": null, "note": "no ceiling; estimate recorded, not enforced"}
[eval] seed17_MA on GPU 0 (560 images, checkpoint 3cb72ee162b9…)
[eval] seed17_MAB_L2 on GPU 1 (560 images, checkpoint 8ee7d56f62b0…)
    VALID    eval:seed17_MAB_L2
               expected_from_manifest = 560
               manifest_digest_recomputed = 5dd87dbb5a77…
               generating_checkpoint = 8ee7d56f62b0…
{"stage": "eval:eval_test:seed29_MA", "need_gpu_hours": 0.224571, "gpus": 1, "enforcement": "recording_only", "ceiling": null, "spent": 2.0447, "in_flight": 0.2246, "committed": 2.2693, "reserve_withheld": null, "available_to_this_stage": null, "decision": "RECORD", "reservation_id": "d52baba3a3ee4a47", "max_wall_seconds": null, "note": "no ceiling; estimate recorded, not enforced"}
[eval] seed29_MA on GPU 1 (560 images, checkpoint fbf49199a306…)
    VALID    eval:seed17_MA
               expected_from_manifest = 560
               manifest_digest_recomputed = 5dd87dbb5a77…
               generating_checkpoint = 3cb72ee162b9…
{"stage": "eval:eval_test:seed17_U_step70", "need_gpu_hours": 0.224571, "gpus": 1, "enforcement": "recording_only", "ceiling": null, "spent": 2.2183, "in_flight": 0.2246, "committed": 2.4429, "reserve_withheld": null, "available_to_this_stage": null, "decision": "RECORD", "reservation_id": "e11a5fe5cee3432b", "max_wall_seconds": null, "note": "no ceiling; estimate recorded, not enforced"}
[eval] seed17_U_step70 on GPU 0 (560 images, checkpoint 0717b0011f2a…)
    VALID    eval:seed29_MA
               expected_from_manifest = 560
               manifest_digest_recomputed = 5dd87dbb5a77…
               generating_checkpoint = fbf49199a306…
{"stage": "eval:eval_test:seed29_U_step70", "need_gpu_hours": 0.224571, "gpus": 1, "enforcement": "recording_only", "ceiling": null, "spent": 2.3875, "in_flight": 0.2246, "committed": 2.6121, "reserve_withheld": null, "available_to_this_stage": null, "decision": "RECORD", "reservation_id": "7c7b0ee7f49b4e98", "max_wall_seconds": null, "note": "no ceiling; estimate recorded, not enforced"}
[eval] seed29_U_step70 on GPU 1 (560 images, checkpoint 3cc762795a21…)
    VALID    eval:seed17_U_step70
               expected_from_manifest = 560
               manifest_digest_recomputed = 5dd87dbb5a77…
               generating_checkpoint = 0717b0011f2a…
{"stage": "eval:eval_test:seed29_MAB_L2", "need_gpu_hours": 0.224571, "gpus": 1, "enforcement": "recording_only", "ceiling": null, "spent": 2.5592, "in_flight": 0.2246, "committed": 2.7837, "reserve_withheld": null, "available_to_this_stage": null, "decision": "RECORD", "reservation_id": "3d47bd388f304bdb", "max_wall_seconds": null, "note": "no ceiling; estimate recorded, not enforced"}
[eval] seed29_MAB_L2 on GPU 0 (560 images, checkpoint c4f3ecdcb945…)
    VALID    eval:seed29_U_step70
               expected_from_manifest = 560
               manifest_digest_recomputed = 5dd87dbb5a77…
               generating_checkpoint = 3cc762795a21…
    VALID    eval:seed29_MAB_L2
               expected_from_manifest = 560
               manifest_digest_recomputed = 5dd87dbb5a77…
               generating_checkpoint = c4f3ecdcb945…
enforcement     : RECORDING ONLY -- no GPU-hour ceiling. Compute is bounded by verified GPU availability.
                  retired 2026-10-10T17:48:43 by PI, 2026-10-10; prior ceiling 4.0 GPU-h and reserve 1.3474 GPU-h withdrawn
recorded        : 2.9014 GPU-h over 56 completed stage(s); 0 failed and still charged; 0 orphaned and conservatively charged
  of which carried forward: 27 stage(s), 1.2022 GPU-h
in flight       : 0.0000 GPU-h over 0 open reservation(s)
committed       : 2.9014 GPU-h
reserve withheld: none (the frozen-test reserve was withdrawn with the ceiling)
    0.2617  train:U_seed17
    0.2611  train:U_seed29
    0.1736  eval:eval_test:seed17_MA
    0.1725  eval:eval_test:seed17_MAB_L2
    0.1722  eval:eval_test:seed29_U_step70
    0.1717  eval:eval_test:seed17_U_step70
    0.1700  eval:eval_test:seed29_MAB_L2
    0.1692  eval:eval_test:seed29_MA
    0.0611  eval:eval_dev:seed17_U_step100
    0.0594  eval:eval_dev:seed29_U_step100
    0.0314  eval:eval_dev:seed17_U_step20
    0.0314  eval:eval_dev:seed17_U_step10
    0.0314  eval:eval_dev:seed17_U_step30
    0.0311  eval:eval_dev:seed17_MAB_L2
    0.0311  eval:eval_dev:seed17_U_step40
    0.0308  eval:eval_dev:seed17_U_step200
    0.0308  eval:eval_dev:seed17_U_step400
    0.0308  eval:eval_dev:seed29_U_step300
    0.0306  eval:eval_dev:seed17_MA
    0.0306  eval:eval_dev:seed17_U_step600
    0.0306  eval:eval_dev:seed29_U_step400
    0.0306  eval:eval_dev:seed29_U_step800
    0.0306  eval:eval_dev:seed17_U_step50
    0.0306  eval:eval_dev:seed29_U_step10
    0.0306  eval:eval_dev:seed29_U_step30
    0.0303  eval:eval_dev:seed17_U_step800
    0.0303  eval:eval_dev:seed17_U_step1000
    0.0303  eval:eval_dev:seed29_U_step600
    0.0303  eval:eval_dev:seed29_U_step900
    0.0303  eval:eval_dev:seed17_U_step60
    0.0303  eval:eval_dev:seed17_U_step70
    0.0303  eval:eval_dev:seed17_U_step90
    0.0303  eval:eval_dev:seed29_U_step20
    0.0303  eval:eval_dev:seed29_U_step40
    0.0300  eval:eval_dev:seed17_U_step300
    0.0300  eval:eval_dev:seed17_U_step500
    0.0300  eval:eval_dev:seed17_U_step900
    0.0300  eval:eval_dev:seed29_U_step700
    0.0300  eval:eval_dev:seed17_U_step80
    0.0300  eval:eval_dev:seed29_U_step50
    0.0300  eval:eval_dev:seed29_U_step70
    0.0297  eval:eval_dev:seed17_U_step700
    0.0297  eval:eval_dev:seed29_MAB_L2
    0.0297  eval:eval_dev:seed29_U_step200
    0.0297  eval:eval_dev:seed29_U_step1000
    0.0297  eval:eval_dev:seed29_U_step60
    0.0294  eval:eval_dev:seed29_MA
    0.0294  eval:eval_dev:seed29_U_step500
    0.0294  eval:eval_dev:seed29_U_step90
    0.0286  eval:eval_dev:seed29_U_step80
    0.0181  smoke:dump_mechanism
2026-10-10T16:49:36-04:00 [test] exit=0
2026-10-10T16:49:36-04:00 [status] RUNNING (analysis) prescribed CPU analysis of the frozen test set
2026-10-10T16:49:36-04:00 --- diag_analysis.py --set test ---
grouping identity   : 2ba0e8df5034d011… verified
resampling unit     : the scene cluster (set, category, prompt_index)
stratum             : category
draws / interval    : 10000 / 95% percentile
bootstrap RNG seed  : 2026100901
set                 : test (560 rows, 70 clusters)
training seeds are analysed SEPARATELY and never pooled

--- seed 17: U* = dump at step 70 (bootstrapping 10000 draws) ---
--- seed 29: U* = dump at step 70 (bootstrapping 10000 draws) ---

=== PRIMARY: paired bird contrast at t=0.5 (L2 minus matched-U), per seed ===
  seed 17: +1.2 pp  [-2.5, +5.0]
           interval wholly within [-10, 10]: PRACTICAL EQUIVALENCE at the declared margin; upper bound +5.0 < +10: a benefit of 10 pp or more is RULED OUT, conditionally
  seed 29: -1.2 pp  [-6.2, +3.8]
           interval wholly within [-10, 10]: PRACTICAL EQUIVALENCE at the declared margin; upper bound +3.8 < +10: a benefit of 10 pp or more is RULED OUT, conditionally
  DIRECTIONS DISAGREE between seeds -> UNRESOLVED. Do not report the agreeing seed.

=== every category separately, never averaged (t=0.5) ===
  seed 17:
    bicycle   L2= 85.0%  U*= 82.5%  MA= 82.5%  contrast   +2.5 [  +0.0,   +6.2]  retained
    bird      L2= 73.8%  U*= 72.5%  MA= 78.8%  contrast   +1.2 [  -2.5,   +5.0]  PRIMARY
    cat       L2=  8.8%  U*= 11.2%  MA= 30.0%  contrast   -2.5 [  -8.8,   +2.5]  historical
    chair     L2= 62.5%  U*= 65.0%  MA= 62.5%  contrast   -2.5 [  -8.8,   +3.8]  retained
    dog       L2= 51.2%  U*= 52.5%  MA= 68.8%  contrast   -1.2 [  -6.2,   +3.8]  matching check
    horse     L2= 97.5%  U*= 96.2%  MA= 93.8%  contrast   +1.2 [  -2.5,   +5.0]  retained
    sandwich  L2= 70.0%  U*= 72.5%  MA= 67.5%  contrast   -2.5 [  -7.5,   +2.5]  non-target
  seed 29:
    bicycle   L2= 85.0%  U*= 82.5%  MA= 83.8%  contrast   +2.5 [  -2.5,   +8.8]  retained
    bird      L2= 76.2%  U*= 77.5%  MA= 78.8%  contrast   -1.2 [  -6.2,   +3.8]  PRIMARY
    cat       L2= 16.2%  U*= 15.0%  MA= 23.8%  contrast   +1.2 [  -3.8,   +6.2]  historical
    chair     L2= 63.8%  U*= 67.5%  MA= 63.8%  contrast   -3.8 [ -10.0,   +2.5]  retained
    dog       L2= 52.5%  U*= 46.2%  MA= 75.0%  contrast   +6.2 [  -1.2,  +13.8]  matching check
    horse     L2= 97.5%  U*= 96.2%  MA= 95.0%  contrast   +1.2 [  +0.0,   +3.8]  retained
    sandwich  L2= 72.5%  U*= 72.5%  MA= 70.0%  contrast   +0.0 [  -7.5,   +6.2]  non-target

=== literal vs paraphrase, reported separately (t=0.5) ===
  seed 17:
    bird literal     contrast   -2.5 [ -10.0,   +5.0]
    bird paraphrase  contrast   +5.0 [  +0.0,  +12.5]
  seed 29:
    bird literal     contrast   -5.0 [ -15.0,   +5.0]
    bird paraphrase  contrast   +2.5 [  -7.5,  +12.5]

=== matching check on TEST: dog (the match was fixed on DEV and is NOT reselected here) ===
  seed 17: residue L2=51.2%  U*=52.5%  achieved difference -1.2 pp [-6.2, +3.8]
  seed 29: residue L2=52.5%  U*=46.2%  achieved difference +6.2 pp [-1.2, +13.8]

[analysis] /data/bijaypandey/cuig_pilot/seq_pilot/diag_v2_early_grid/analysis_test.json

PROVISIONAL. The detector is a proxy; the blinded human annotation is a prerequisite for any final scientific conclusion.
2026-10-10T16:50:55-04:00 [analysis] exit=0
2026-10-10T16:50:55-04:00 [status] RUNNING (annotation_packet) building the blinded human-audit packet (labels left blank)
2026-10-10T16:50:55-04:00 --- build_diag_annotation_packet.py ---
[repo copy] key-free packet metadata -> results/audit_v1/annotation_packet_v2
=== blinded audit packet ===
  items      : 228  (SET R 168, SET D 60)
  packet     : /data/bijaypandey/cuig_pilot/seq_pilot/diag_v2_early_grid/annotation_v2/packet
  key        : /data/bijaypandey/cuig_pilot/seq_pilot/diag_v2_early_grid/annotation_v2/KEY_DO_NOT_OPEN_WHILE_ANNOTATING.csv  (outside the packet)
  labels     : EMPTY
2026-10-10T16:50:55-04:00 [packet] exit=0
2026-10-10T16:50:55-04:00 [status] COMPLETED (done) early grid trained, development scan complete, bridge held, both seeds matched, frozen test evaluated ONCE, CPU analysis written, blinded audit packet built with labels blank. Detector results are PROVISIONAL until the human annotation is complete.
2026-10-10T16:50:55-04:00 ALL AUTHORISED WORK COMPLETE
2026-10-10T16:50:55-04:00   selection : /data/bijaypandey/cuig_pilot/seq_pilot/diag_v2_early_grid/selection.json
2026-10-10T16:50:55-04:00   bridge    : /data/bijaypandey/cuig_pilot/seq_pilot/diag_v2_early_grid/bridge_check.json
2026-10-10T16:50:55-04:00   analysis  : /data/bijaypandey/cuig_pilot/seq_pilot/diag_v2_early_grid/analysis_test.json
2026-10-10T16:50:55-04:00   packet    : /data/bijaypandey/cuig_pilot/seq_pilot/diag_v2_early_grid/annotation_v2
